mode: atomic
git.vfeda.com/vfeda/JiMuHotUpdate/Middlewares/middlewares.go:24.51,34.2 3 2
git.vfeda.com/vfeda/JiMuHotUpdate/Middlewares/middlewares.go:36.58,37.105 1 3
git.vfeda.com/vfeda/JiMuHotUpdate/Middlewares/middlewares.go:37.105,39.3 1 2
git.vfeda.com/vfeda/JiMuHotUpdate/Middlewares/middlewares.go:40.2,40.16 1 3
git.vfeda.com/vfeda/JiMuHotUpdate/Middlewares/middlewares.go:40.16,42.3 1 1
git.vfeda.com/vfeda/JiMuHotUpdate/Middlewares/middlewares.go:42.8,42.57 1 2
git.vfeda.com/vfeda/JiMuHotUpdate/Middlewares/middlewares.go:42.57,44.3 1 2
git.vfeda.com/vfeda/JiMuHotUpdate/Middlewares/middlewares.go:44.8,46.3 1 0
git.vfeda.com/vfeda/JiMuHotUpdate/Middlewares/middlewares.go:49.47,50.30 1 1
git.vfeda.com/vfeda/JiMuHotUpdate/Middlewares/middlewares.go:50.30,52.23 2 3
git.vfeda.com/vfeda/JiMuHotUpdate/Middlewares/middlewares.go:52.23,58.4 3 1
git.vfeda.com/vfeda/JiMuHotUpdate/Middlewares/middlewares.go:59.3,60.22 2 2
git.vfeda.com/vfeda/JiMuHotUpdate/Middlewares/middlewares.go:60.22,66.4 3 1
git.vfeda.com/vfeda/JiMuHotUpdate/Middlewares/middlewares.go:67.3,68.17 2 1
git.vfeda.com/vfeda/JiMuHotUpdate/Middlewares/middlewares.go:68.17,74.4 3 0
git.vfeda.com/vfeda/JiMuHotUpdate/Middlewares/middlewares.go:75.3,76.11 2 1
git.vfeda.com/vfeda/JiMuHotUpdate/Middlewares/middlewares.go:79.49,81.30 2 1
git.vfeda.com/vfeda/JiMuHotUpdate/Middlewares/middlewares.go:81.30,82.35 1 11
git.vfeda.com/vfeda/JiMuHotUpdate/Middlewares/middlewares.go:82.35,86.4 3 1
git.vfeda.com/vfeda/JiMuHotUpdate/Middlewares/middlewares.go:87.3,87.11 1 10
